Archive member included to satisfy reference by file (symbol)

C:\Users\SaumPC\Documents\MCUXpressoIDE_10.2.1_795\workspace\CMSIS_CORE_LPC17xx\Debug\libCMSIS_CORE_LPC17xx.a(system_LPC17xx.o)
                              ./src/cr_startup_lpc175x_6x.o (SystemInit)
c:/nxp/mcuxpressoide_10.2.1_795/ide/tools/bin/../lib/gcc/arm-none-eabi/7.2.1/../../../../arm-none-eabi/lib/thumb/v7-m\libcr_semihost.a(_cr__main.o)
                              ./src/cr_startup_lpc175x_6x.o (__main)
c:/nxp/mcuxpressoide_10.2.1_795/ide/tools/bin/../lib/gcc/arm-none-eabi/7.2.1/../../../../arm-none-eabi/lib/thumb/v7-m\libcr_c.a(cos.o)
                              ./src/3D-Cube_v1.o (cos)
c:/nxp/mcuxpressoide_10.2.1_795/ide/tools/bin/../lib/gcc/arm-none-eabi/7.2.1/../../../../arm-none-eabi/lib/thumb/v7-m\libcr_c.a(fpprintf.o)
                              ./src/3D-Cube_v1.o (printf)
c:/nxp/mcuxpressoide_10.2.1_795/ide/tools/bin/../lib/gcc/arm-none-eabi/7.2.1/../../../../arm-none-eabi/lib/thumb/v7-m\libcr_c.a(initio.o)
                              c:/nxp/mcuxpressoide_10.2.1_795/ide/tools/bin/../lib/gcc/arm-none-eabi/7.2.1/../../../../arm-none-eabi/lib/thumb/v7-m\libcr_semihost.a(_cr__main.o) (_initio)
c:/nxp/mcuxpressoide_10.2.1_795/ide/tools/bin/../lib/gcc/arm-none-eabi/7.2.1/../../../../arm-none-eabi/lib/thumb/v7-m\libcr_c.a(pow.o)
                              ./src/3D-Cube_v1.o (pow)
c:/nxp/mcuxpressoide_10.2.1_795/ide/tools/bin/../lib/gcc/arm-none-eabi/7.2.1/../../../../arm-none-eabi/lib/thumb/v7-m\libcr_c.a(printf.o)
                              c:/nxp/mcuxpressoide_10.2.1_795/ide/tools/bin/../lib/gcc/arm-none-eabi/7.2.1/../../../../arm-none-eabi/lib/thumb/v7-m\libcr_c.a(fpprintf.o) (__vfprintf)
c:/nxp/mcuxpressoide_10.2.1_795/ide/tools/bin/../lib/gcc/arm-none-eabi/7.2.1/../../../../arm-none-eabi/lib/thumb/v7-m\libcr_c.a(setvbuf.o)
                              c:/nxp/mcuxpressoide_10.2.1_795/ide/tools/bin/../lib/gcc/arm-none-eabi/7.2.1/../../../../arm-none-eabi/lib/thumb/v7-m\libcr_c.a(initio.o) (setvbuf)
c:/nxp/mcuxpressoide_10.2.1_795/ide/tools/bin/../lib/gcc/arm-none-eabi/7.2.1/../../../../arm-none-eabi/lib/thumb/v7-m\libcr_c.a(sin.o)
                              ./src/3D-Cube_v1.o (sin)
c:/nxp/mcuxpressoide_10.2.1_795/ide/tools/bin/../lib/gcc/arm-none-eabi/7.2.1/../../../../arm-none-eabi/lib/thumb/v7-m\libcr_c.a(sqrt.o)
                              ./src/3D-Cube_v1.o (sqrt)
c:/nxp/mcuxpressoide_10.2.1_795/ide/tools/bin/../lib/gcc/arm-none-eabi/7.2.1/../../../../arm-none-eabi/lib/thumb/v7-m\libcr_c.a(stdlib.o)
                              ./src/DrawLine.o (abs)
c:/nxp/mcuxpressoide_10.2.1_795/ide/tools/bin/../lib/gcc/arm-none-eabi/7.2.1/../../../../arm-none-eabi/lib/thumb/v7-m\libcr_c.a(strlen.o)
                              c:/nxp/mcuxpressoide_10.2.1_795/ide/tools/bin/../lib/gcc/arm-none-eabi/7.2.1/../../../../arm-none-eabi/lib/thumb/v7-m\libcr_c.a(printf.o) (strlen)
c:/nxp/mcuxpressoide_10.2.1_795/ide/tools/bin/../lib/gcc/arm-none-eabi/7.2.1/../../../../arm-none-eabi/lib/thumb/v7-m\libcr_c.a(memset.o)
                              c:/nxp/mcuxpressoide_10.2.1_795/ide/tools/bin/../lib/gcc/arm-none-eabi/7.2.1/../../../../arm-none-eabi/lib/thumb/v7-m\libcr_c.a(fpprintf.o) (memset)
c:/nxp/mcuxpressoide_10.2.1_795/ide/tools/bin/../lib/gcc/arm-none-eabi/7.2.1/../../../../arm-none-eabi/lib/thumb/v7-m\libcr_c.a(_deferredlazyseek.o)
                              c:/nxp/mcuxpressoide_10.2.1_795/ide/tools/bin/../lib/gcc/arm-none-eabi/7.2.1/../../../../arm-none-eabi/lib/thumb/v7-m\libcr_c.a(fpprintf.o) (__flsbuf)
c:/nxp/mcuxpressoide_10.2.1_795/ide/tools/bin/../lib/gcc/arm-none-eabi/7.2.1/../../../../arm-none-eabi/lib/thumb/v7-m\libcr_c.a(_fdopen.o)
                              c:/nxp/mcuxpressoide_10.2.1_795/ide/tools/bin/../lib/gcc/arm-none-eabi/7.2.1/../../../../arm-none-eabi/lib/thumb/v7-m\libcr_c.a(initio.o) (_fdopen)
c:/nxp/mcuxpressoide_10.2.1_795/ide/tools/bin/../lib/gcc/arm-none-eabi/7.2.1/../../../../arm-none-eabi/lib/thumb/v7-m\libcr_c.a(_fflush.o)
                              c:/nxp/mcuxpressoide_10.2.1_795/ide/tools/bin/../lib/gcc/arm-none-eabi/7.2.1/../../../../arm-none-eabi/lib/thumb/v7-m\libcr_c.a(_deferredlazyseek.o) (_fflush)
c:/nxp/mcuxpressoide_10.2.1_795/ide/tools/bin/../lib/gcc/arm-none-eabi/7.2.1/../../../../arm-none-eabi/lib/thumb/v7-m\libcr_c.a(_frexpl.o)
                              c:/nxp/mcuxpressoide_10.2.1_795/ide/tools/bin/../lib/gcc/arm-none-eabi/7.2.1/../../../../arm-none-eabi/lib/thumb/v7-m\libcr_c.a(fpprintf.o) (_frexpl)
c:/nxp/mcuxpressoide_10.2.1_795/ide/tools/bin/../lib/gcc/arm-none-eabi/7.2.1/../../../../arm-none-eabi/lib/thumb/v7-m\libcr_c.a(_hugeval.o)
                              c:/nxp/mcuxpressoide_10.2.1_795/ide/tools/bin/../lib/gcc/arm-none-eabi/7.2.1/../../../../arm-none-eabi/lib/thumb/v7-m\libcr_c.a(pow.o) (__huge_val)
c:/nxp/mcuxpressoide_10.2.1_795/ide/tools/bin/../lib/gcc/arm-none-eabi/7.2.1/../../../../arm-none-eabi/lib/thumb/v7-m\libcr_c.a(_ldexpl.o)
[...]
Memory Configuration

Name             Origin             Length             Attributes
MFlash512        0x00000000         0x00080000         xr
RamLoc32         0x10000000         0x00008000         xrw
RamAHB32         0x2007c000         0x00008000         xrw
*default*        0x00000000         0xffffffff

Linker script and memory map

LOAD ./src/3D-Cube_v1.o
LOAD ./src/DrawLine.o
LOAD ./src/cr_startup_lpc175x_6x.o
LOAD ./src/crp.o
LOAD ./src/lcd_ssp_Operations.o
LOAD ./src/main.o
LOAD ./src/ssp.o
LOAD C:\Users\SaumPC\Documents\MCUXpressoIDE_10.2.1_795\workspace\CMSIS_CORE_LPC17xx\Debug\libCMSIS_CORE_LPC17xx.a
START GROUP
LOAD c:/nxp/mcuxpressoide_10.2.1_795/ide/tools/bin/../lib/gcc/arm-none-eabi/7.2.1/../../../../arm-none-eabi/lib/thumb/v7-m\libcr_semihost.a
LOAD c:/nxp/mcuxpressoide_10.2.1_795/ide/tools/bin/../lib/gcc/arm-none-eabi/7.2.1/../../../../arm-none-eabi/lib/thumb/v7-m\libcr_c.a
LOAD c:/nxp/mcuxpressoide_10.2.1_795/ide/tools/bin/../lib/gcc/arm-none-eabi/7.2.1/thumb/v7-m\libcr_eabihelpers.a
END GROUP
                0x00000000                __base_MFlash512 = 0x0
                0x00000000                __base_Flash = 0x0
                0x00080000                __top_MFlash512 = 0x80000
                0x00080000                __top_Flash = 0x80000
                0x10000000                __base_RamLoc32 = 0x10000000
                0x10000000                __base_RAM = 0x10000000
                0x10008000                __top_RamLoc32 = 0x10008000
                0x10008000                __top_RAM = 0x10008000
                0x2007c000                __base_RamAHB32 = 0x2007c000
                0x2007c000                __base_RAM2 = 0x2007c000
                0x20084000                __top_RamAHB32 = 0x20084000
                0x20084000                __top_RAM2 = 0x20084000

.text           0x00000000     0x6d34
 FILL mask 0xff
                0x00000000                __vectors_start__ = ABSOLUTE (.)
 *(.isr_vector)
 .isr_vector    0x00000000       0xcc ./src/cr_startup_lpc175x_6x.o
                0x00000000                g_pfnVectors
                0x000000cc                . = ALIGN (0x4)
                0x000000cc                __section_table_start = .
                0x000000cc                __data_section_table = .
                0x000000cc        0x4 LONG 0x6d34 LOADADDR (.data)
                0x000000d0        0x4 LONG 0x10000000 ADDR (.data)
                0x000000d4        0x4 LONG 0x8 SIZEOF (.data)
                0x000000d8        0x4 LONG 0x6d34 LOADADDR (.data_RAM2)
                0x000000dc        0x4 LONG 0x2007c000 ADDR (.data_RAM2)
                0x000000e0        0x4 LONG 0x0 SIZEOF (.data_RAM2)
                0x000000e4                __data_section_table_end = .
                0x000000e4                __bss_section_table = .
                0x000000e4        0x4 LONG 0x10000008 ADDR (.bss)
                0x000000e8        0x4 LONG 0x238 SIZEOF (.bss)
                0x000000ec        0x4 LONG 0x2007c000 ADDR (.bss_RAM2)
                0x000000f0        0x4 LONG 0x0 SIZEOF (.bss_RAM2)
                0x000000f4                __bss_section_table_end = .
                0x000000f4                __section_table_end = .
 *(.after_vectors*)
 .after_vectors
                0x000000f4      0x12c ./src/cr_startup_lpc175x_6x.o
                0x000000f4                data_init
                0x00000136                bss_init
                0x0000016c                ResetISR
                0x000001e4                NMI_Handler
                0x000001ea                HardFault_Handler
                0x000001f0                MemManage_Handler
                0x000001f6                BusFault_Handler
                0x000001fc                UsageFault_Handler
                0x00000202                SVC_Handler
                0x00000208                DebugMon_Handler
                0x0000020e                PendSV_Handler
                0x00000214                SysTick_Handler
                0x0000021a                EINT3_IRQHandler
                0x0000021a                CANActivity_IRQHandler
                0x0000021a                TIMER3_IRQHandler
                0x0000021a                UART0_IRQHandler
                0x0000021a                UART1_IRQHandler
                0x0000021a                EINT2_IRQHandler
                0x0000021a                USBActivity_IRQHandler
                0x0000021a                IntDefaultHandler
                0x0000021a                I2C0_IRQHandler
                0x0000021a                I2C1_IRQHandler
                0x0000021a                PLL1_IRQHandler
                0x0000021a                I2S_IRQHandler
                0x0000021a                I2C2_IRQHandler
                0x0000021a                RTC_IRQHandler
                0x0000021a                TIMER0_IRQHandler
                0x0000021a                SPI_IRQHandler
                0x0000021a                RIT_IRQHandler
                0x0000021a                EINT1_IRQHandler
                0x0000021a                TIMER1_IRQHandler
                0x0000021a                UART2_IRQHandler
                0x0000021a                ADC_IRQHandler
                0x0000021a                USB_IRQHandler
                0x0000021a                BOD_IRQHandler
                0x0000021a                CAN_IRQHandler
                0x0000021a                WDT_IRQHandler
                0x0000021a                PWM1_IRQHandler
                0x0000021a                QEI_IRQHandler
                0x0000021a                EINT0_IRQHandler
                0x0000021a                PLL0_IRQHandler
                0x0000021a                DMA_IRQHandler
                0x0000021a                TIMER2_IRQHandler
                0x0000021a                UART3_IRQHandler
                0x0000021a                MCPWM_IRQHandler
                0x0000021a                ENET_IRQHandler
 *(.text*)
 .text.drawFastVLine
                0x00000220       0x3c ./src/3D-Cube_v1.o
                0x00000220                drawFastVLine
 .text.background
                0x0000025c       0x5c ./src/3D-Cube_v1.o
                0x0000025c                background
 .text.compute_transformation_parameter
                0x000002b8      0x204 ./src/3D-Cube_v1.o
                0x000002b8                compute_transformation_parameter
 .text.physical_coordinate
                0x000004bc       0x7a ./src/3D-Cube_v1.o
                0x000004bc                physical_coordinate
 *fill*         0x00000536        0x2 ff
 .text.Transformation_pipeline
                0x00000538      0x1e0 ./src/3D-Cube_v1.o
                0x00000538                Transformation_pipeline
 .text.drawCoordinate
                0x00000718       0xd0 ./src/3D-Cube_v1.o
                0x00000718                drawCoordinate
 .text.fillcube
                0x000007e8      0x4d0 ./src/3D-Cube_v1.o
                0x000007e8                fillcube
 .text.draw3dcube1
                0x00000cb8      0x38a ./src/3D-Cube_v1.o
                0x00000cb8                draw3dcube1
 .text.drawcube2
                0x00001042      0x30a ./src/3D-Cube_v1.o
                0x00001042                drawcube2
 .text.PointOf_Light_Source
                0x0000134c      0x304 ./src/3D-Cube_v1.o
                0x0000134c                PointOf_Light_Source
 .text.draw_shadow
                0x00001650      0x300 ./src/3D-Cube_v1.o
                0x00001650                draw_shadow
 .text.rotateCube
                0x00001950      0xaa4 ./src/3D-Cube_v1.o
                0x00001950                rotateCube
 .text.squarePattern
                0x000023f4      0x280 ./src/3D-Cube_v1.o
                0x000023f4                squarePattern
 *fill*         0x00002674        0x4 ff
 .text.treePattern
                0x00002678      0x1d0 ./src/3D-Cube_v1.o
                0x00002678                treePattern
 .text.draw_Initial
                0x00002848      0x204 ./src/3D-Cube_v1.o
                0x00002848                draw_Initial
 .text.drawPixel
                0x00002a4c       0x6c ./src/DrawLine.o
                0x00002a4c                drawPixel
 .text.drawline
                0x00002ab8      0x18e ./src/DrawLine.o
                0x00002ab8                drawline
 .text.setAddrWindow
                0x00002c46       0x52 ./src/lcd_ssp_Operations.o
                0x00002c46                setAddrWindow
 .text.lcddelay
                0x00002c98       0x2e ./src/lcd_ssp_Operations.o
                0x00002c98                lcddelay
 *fill*         0x00002cc6        0x2 ff
 .text.lcd_init
                0x00002cc8       0xc4 ./src/lcd_ssp_Operations.o
                0x00002cc8                lcd_init
 .text.spiwrite
                0x00002d8c       0x40 ./src/lcd_ssp_Operations.o
                0x00002d8c                spiwrite
 .text.writecommand
                0x00002dcc       0x2c ./src/lcd_ssp_Operations.o
                0x00002dcc                writecommand
 .text.writedata
                0x00002df8       0x2c ./src/lcd_ssp_Operations.o
                0x00002df8                writedata
 .text.writeword
                0x00002e24       0x2e ./src/lcd_ssp_Operations.o
                0x00002e24                writeword
 .text.write888
                0x00002e52       0x54 ./src/lcd_ssp_Operations.o
                0x00002e52                write888
 *fill*         0x00002ea6        0x2 ff
 .text.main     0x00002ea8      0x2f0 ./src/main.o
                0x00002ea8                main
 .text.NVIC_EnableIRQ
                0x00003198       0x30 ./src/ssp.o
 .text.SSP0_IRQHandler
                0x000031c8       0x70 ./src/ssp.o
                0x000031c8                SSP0_IRQHandler
 .text.SSP1_IRQHandler
                0x00003238       0x70 ./src/ssp.o
                0x00003238                SSP1_IRQHandler
 .text.SSP_SSELToggle
                0x000032a8       0x68 ./src/ssp.o
                0x000032a8                SSP_SSELToggle
 .text.SSP0Init
                0x00003310       0xc0 ./src/ssp.o
                0x00003310                SSP0Init
 .text.SSP1Init
                0x000033d0       0xa8 ./src/ssp.o
                0x000033d0                SSP1Init
 .text.SSPSend  0x00003478       0xa0 ./src/ssp.o
                0x00003478                SSPSend
 .text.SystemInit
                0x00003518       0xdc C:\Users\SaumPC\Documents\MCUXpressoIDE_10.2.1_795\workspace\CMSIS_CORE_LPC17xx\Debug\libCMSIS_CORE_LPC17xx.a(system_LPC17xx.o)
                0x00003518                SystemInit
 .text.__main   0x000035f4        0xe c:/nxp/mcuxpressoide_10.2.1_795/ide/tools/bin/../lib/gcc/arm-none-eabi/7.2.1/../../../../arm-none-eabi/lib/thumb/v7-m\libcr_semihost.a(_cr__main.o)
                0x000035f4                __CR_SEMIHOST
                0x000035f4                __main
 *fill*         0x00003602        0x6 ff
 .text.cos      0x00003608       0x60 c:/nxp/mcuxpressoide_10.2.1_795/ide/tools/bin/../lib/gcc/arm-none-eabi/7.2.1/../../../../arm-none-eabi/lib/thumb/v7-m\libcr_c.a(cos.o)
                0x00003608                cos
 .text.fp_round
                0x00003668       0x4c c:/nxp/mcuxpressoide_10.2.1_795/ide/tools/bin/../lib/gcc/arm-none-eabi/7.2.1/../../../../arm-none-eabi/lib/thumb/v7-m\libcr_c.a(fpprintf.o)
 .text.pr_dec.constprop.1
                0x000036b4       0x26 c:/nxp/mcuxpressoide_10.2.1_795/ide/tools/bin/../lib/gcc/arm-none-eabi/7.2.1/../../../../arm-none-eabi/lib/thumb/v7-m\libcr_c.a(fpprintf.o)
 *fill*         0x000036da        0x2 ff
 .text.sprintf  0x000036dc       0x6c c:/nxp/mcuxpressoide_10.2.1_795/ide/tools/bin/../lib/gcc/arm-none-eabi/7.2.1/../../../../arm-none-eabi/lib/thumb/v7-m\libcr_c.a(fpprintf.o)
                0x000036dc                sprintf
 .text.fp_display
                0x00003748      0x96c c:/nxp/mcuxpressoide_10.2.1_795/ide/tools/bin/../lib/gcc/arm-none-eabi/7.2.1/../../../../arm-none-eabi/lib/thumb/v7-m\libcr_c.a(fpprintf.o)
 .text.vsnprintf
                0x000040b4       0x5c c:/nxp/mcuxpressoide_10.2.1_795/ide/tools/bin/../lib/gcc/arm-none-eabi/7.2.1/../../../../arm-none-eabi/lib/thumb/v7-m\libcr_c.a(fpprintf.o)
                0x000040b4                vsnprintf
 .text.printf   0x00004110       0x54 c:/nxp/mcuxpressoide_10.2.1_795/ide/tools/bin/../lib/gcc/arm-none-eabi/7.2.1/../../../../arm-none-eabi/lib/thumb/v7-m\libcr_c.a(fpprintf.o)
                0x00004110                printf
 .text._initio  0x00004164       0x78 c:/nxp/mcuxpressoide_10.2.1_795/ide/tools/bin/../lib/gcc/arm-none-eabi/7.2.1/../../../../arm-none-eabi/lib/thumb/v7-m\libcr_c.a(initio.o)
                0x00004164                _initio
 *fill*         0x000041dc        0x4 ff
 .text.pow      0x000041e0      0x544 c:/nxp/mcuxpressoide_10.2.1_795/ide/tools/bin/../lib/gcc/arm-none-eabi/7.2.1/../../../../arm-none-eabi/lib/thumb/v7-m\libcr_c.a(pow.o)
                0x000041e0                pow
 .text.__vfprintf
                0x00004724      0xb98 c:/nxp/mcuxpressoide_10.2.1_795/ide/tools/bin/../lib/gcc/arm-none-eabi/7.2.1/../../../../arm-none-eabi/lib/thumb/v7-m\libcr_c.a(printf.o)
                0x00004724                __vfprintf
 .text.setvbuf  0x000052bc       0x40 c:/nxp/mcuxpressoide_10.2.1_795/ide/tools/bin/../lib/gcc/arm-none-eabi/7.2.1/../../../../arm-none-eabi/lib/thumb/v7-m\libcr_c.a(setvbuf.o)
                0x000052bc                setvbuf
 .text.sin      0x000052fc       0x34 c:/nxp/mcuxpressoide_10.2.1_795/ide/tools/bin/../lib/gcc/arm-none-eabi/7.2.1/../../../../arm-none-eabi/lib/thumb/v7-m\libcr_c.a(sin.o)
                0x000052fc                sin
 .text.sqrt     0x00005330      0x114 c:/nxp/mcuxpressoide_10.2.1_795/ide/tools/bin/../lib/gcc/arm-none-eabi/7.2.1/../../../../arm-none-eabi/lib/thumb/v7-m\libcr_c.a(sqrt.o)
                0x00005330                sqrt
 .text.abs      0x00005444        0x8 c:/nxp/mcuxpressoide_10.2.1_795/ide/tools/bin/../lib/gcc/arm-none-eabi/7.2.1/../../../../arm-none-eabi/lib/thumb/v7-m\libcr_c.a(stdlib.o)
                0x00005444                abs
 .text.strlen   0x0000544c       0x4a c:/nxp/mcuxpressoide_10.2.1_795/ide/tools/bin/../lib/gcc/arm-none-eabi/7.2.1/../../../../arm-none-eabi/lib/thumb/v7-m\libcr_c.a(strlen.o)
                0x0000544c                strlen
 .text.memset   0x00005496        0x4 c:/nxp/mcuxpressoide_10.2.1_795/ide/tools/bin/../lib/gcc/arm-none-eabi/7.2.1/../../../../arm-none-eabi/lib/thumb/v7-m\libcr_c.a(memset.o)
                0x00005496                memset
 .text._deferredlazyseek
                0x0000549a       0x40 c:/nxp/mcuxpressoide_10.2.1_795/ide/tools/bin/../lib/gcc/arm-none-eabi/7.2.1/../../../../arm-none-eabi/lib/thumb/v7-m\libcr_c.a(_deferredlazyseek.o)
                0x0000549a                _deferredlazyseek
 .text.__flsbuf
                0x000054da      0x140 c:/nxp/mcuxpressoide_10.2.1_795/ide/tools/bin/../lib/gcc/arm-none-eabi/7.2.1/../../../../arm-none-eabi/lib/thumb/v7-m\libcr_c.a(_deferredlazyseek.o)
                0x000054da                __flsbuf
 .text._fdopen  0x0000561a       0x68 c:/nxp/mcuxpressoide_10.2.1_795/ide/tools/bin/../lib/gcc/arm-none-eabi/7.2.1/../../../../arm-none-eabi/lib/thumb/v7-m\libcr_c.a(_fdopen.o)
                0x0000561a                _fdopen
 .text._fflush  0x00005682       0x52 c:/nxp/mcuxpressoide_10.2.1_795/ide/tools/bin/../lib/gcc/arm-none-eabi/7.2.1/../../../../arm-none-eabi/lib/thumb/v7-m\libcr_c.a(_fflush.o)
                0x00005682                _fflush
 .text._frexpl  0x000056d4       0x56 c:/nxp/mcuxpressoide_10.2.1_795/ide/tools/bin/../lib/gcc/arm-none-eabi/7.2.1/../../../../arm-none-eabi/lib/thumb/v7-m\libcr_c.a(_frexpl.o)
                0x000056d4                _frexpl
 *fill*         0x0000572a        0x2 ff
 .text._ldexpl  0x0000572c       0x4c c:/nxp/mcuxpressoide_10.2.1_795/ide/tools/bin/../lib/gcc/arm-none-eabi/7.2.1/../../../../arm-none-eabi/lib/thumb/v7-m\libcr_c.a(_ldexpl.o)
                0x0000572c                _ldexpl
 .text._sincos  0x00005778      0x1fc c:/nxp/mcuxpressoide_10.2.1_795/ide/tools/bin/../lib/gcc/arm-none-eabi/7.2.1/../../../../arm-none-eabi/lib/thumb/v7-m\libcr_c.a(_sincos.o)
                0x00005778                _sincos
 .text._Cwritebuf
                0x00005974       0x6c c:/nxp/mcuxpressoide_10.2.1_795/ide/tools/bin/../lib/gcc/arm-none-eabi/7.2.1/../../../../arm-none-eabi/lib/thumb/v7-m\libcr_c.a(_writebuf.o)
                0x00005974                _Cwritebuf
 .text.malloc   0x000059e0       0xc8 c:/nxp/mcuxpressoide_10.2.1_795/ide/tools/bin/../lib/gcc/arm-none-eabi/7.2.1/../../../../arm-none-eabi/lib/thumb/v7-m\libcr_c.a(alloc.o)
                0x000059e0                malloc
 .text.free     0x00005aa8       0x30 c:/nxp/mcuxpressoide_10.2.1_795/ide/tools/bin/../lib/gcc/arm-none-eabi/7.2.1/../../../../arm-none-eabi/lib/thumb/v7-m\libcr_c.a(alloc.o)
                0x00005aa8                free
 .text._Csys_alloc
                0x00005ad8       0x20 c:/nxp/mcuxpressoide_10.2.1_795/ide/tools/bin/../lib/gcc/arm-none-eabi/7.2.1/../../../../arm-none-eabi/lib/thumb/v7-m\libcr_c.a(alloc.o)
                0x00005ad8                _Csys_alloc
 .text.fabs     0x00005af8       0x1e c:/nxp/mcuxpressoide_10.2.1_795/ide/tools/bin/../lib/gcc/arm-none-eabi/7.2.1/../../../../arm-none-eabi/lib/thumb/v7-m\libcr_c.a(fabs.o)
                0x00005af8                fabs
 .text.fclose   0x00005b16       0x58 c:/nxp/mcuxpressoide_10.2.1_795/ide/tools/bin/../lib/gcc/arm-none-eabi/7.2.1/../../../../arm-none-eabi/lib/thumb/v7-m\libcr_c.a(fclose.o)
                0x00005b16                fclose
 *fill*         0x00005b6e        0x2 ff
 .text.fflush   0x00005b70       0x44 c:/nxp/mcuxpressoide_10.2.1_795/ide/tools/bin/../lib/gcc/arm-none-eabi/7.2.1/../../../../arm-none-eabi/lib/thumb/v7-m\libcr_c.a(fflush.o)
                0x00005b70                fflush
 .text.frexp    0x00005bb4       0x56 c:/nxp/mcuxpressoide_10.2.1_795/ide/tools/bin/../lib/gcc/arm-none-eabi/7.2.1/../../../../arm-none-eabi/lib/thumb/v7-m\libcr_c.a(frexp.o)
                0x00005bb4                frexp
 *fill*         0x00005c0a        0x2 ff
 .text.fseek    0x00005c0c      0x100 c:/nxp/mcuxpressoide_10.2.1_795/ide/tools/bin/../lib/gcc/arm-none-eabi/7.2.1/../../../../arm-none-eabi/lib/thumb/v7-m\libcr_c.a(fseek.o)
                0x00005c0c                fseek
 .text.ftell    0x00005d0c       0x44 c:/nxp/mcuxpressoide_10.2.1_795/ide/tools/bin/../lib/gcc/arm-none-eabi/7.2.1/../../../../arm-none-eabi/lib/thumb/v7-m\libcr_c.a(ftell.o)
                0x00005d0c                ftell
 .text.ldexp    0x00005d50       0x4c c:/nxp/mcuxpressoide_10.2.1_795/ide/tools/bin/../lib/gcc/arm-none-eabi/7.2.1/../../../../arm-none-eabi/lib/thumb/v7-m\libcr_c.a(ldexp.o)
                0x00005d50                ldexp
 .text.remove   0x00005d9c       0x14 c:/nxp/mcuxpressoide_10.2.1_795/ide/tools/bin/../lib/gcc/arm-none-eabi/7.2.1/../../../../arm-none-eabi/lib/thumb/v7-m\libcr_c.a(remove.o)
                0x00005d9c                remove
 .text._sbrk    0x00005db0       0x3c c:/nxp/mcuxpressoide_10.2.1_795/ide/tools/bin/../lib/gcc/arm-none-eabi/7.2.1/../../../../arm-none-eabi/lib/thumb/v7-m\libcr_c.a(_cr_sbrk.o)
                0x00005db0                _sbrk
 .text._do_fflush
                0x00005dec       0x40 c:/nxp/mcuxpressoide_10.2.1_795/ide/tools/bin/../lib/gcc/arm-none-eabi/7.2.1/../../../../arm-none-eabi/lib/thumb/v7-m\libcr_c.a(_do_fflush.o)
                0x00005dec                _do_fflush
 .text.__check_heap_overflow
                0x00005e2c       0x18 c:/nxp/mcuxpressoide_10.2.1_795/ide/tools/bin/../lib/gcc/arm-none-eabi/7.2.1/../../../../arm-none-eabi/lib/thumb/v7-m\libcr_c.a(_cr_check_heap.o)
                0x00005e2c                __check_heap_overflow
 .text.__aeabi_dmul
                0x00005e44      0x10c c:/nxp/mcuxpressoide_10.2.1_795/ide/tools/bin/../lib/gcc/arm-none-eabi/7.2.1/thumb/v7-m\libcr_eabihelpers.a(double.o)
                0x00005e44                __aeabi_dmul
 .text.__aeabi_ddiv
                0x00005f50      0x130 c:/nxp/mcuxpressoide_10.2.1_795/ide/tools/bin/../lib/gcc/arm-none-eabi/7.2.1/thumb/v7-m\libcr_eabihelpers.a(double.o)
                0x00005f50                __aeabi_ddiv
 .text.__aeabi_dsub
                0x00006080      0x1b0 c:/nxp/mcuxpressoide_10.2.1_795/ide/tools/bin/../lib/gcc/arm-none-eabi/7.2.1/thumb/v7-m\libcr_eabihelpers.a(double.o)
                0x00006080                __aeabi_dsub
 .text.__aeabi_dadd
                0x00006230      0x10c c:/nxp/mcuxpressoide_10.2.1_795/ide/tools/bin/../lib/gcc/arm-none-eabi/7.2.1/thumb/v7-m\libcr_eabihelpers.a(double.o)
                0x00006230                __aeabi_dadd
 .text.__aeabi_d2f
                0x0000633c       0x54 c:/nxp/mcuxpressoide_10.2.1_795/ide/tools/bin/../lib/gcc/arm-none-eabi/7.2.1/thumb/v7-m\libcr_eabihelpers.a(double.o)
                0x0000633c                __aeabi_d2f
 .text.__aeabi_d2iz
                0x00006390       0x40 c:/nxp/mcuxpressoide_10.2.1_795/ide/tools/bin/../lib/gcc/arm-none-eabi/7.2.1/thumb/v7-m\libcr_eabihelpers.a(double.o)
                0x00006390                __aeabi_d2iz
 .text.__bhs_ui2d
                0x000063d0       0x46 c:/nxp/mcuxpressoide_10.2.1_795/ide/tools/bin/../lib/gcc/arm-none-eabi/7.2.1/thumb/v7-m\libcr_eabihelpers.a(double.o)
                0x000063d0                __bhs_ui2d
 .text.__aeabi_i2d
                0x00006416       0x12 c:/nxp/mcuxpressoide_10.2.1_795/ide/tools/bin/../lib/gcc/arm-none-eabi/7.2.1/thumb/v7-m\libcr_eabihelpers.a(double.o)
                0x00006416                __aeabi_i2d
 .text.__aeabi_dcmpeq
                0x00006428       0x2c c:/nxp/mcuxpressoide_10.2.1_795/ide/tools/bin/../lib/gcc/arm-none-eabi/7.2.1/thumb/v7-m\libcr_eabihelpers.a(double.o)
                0x00006428                __aeabi_dcmpeq
 .text.__aeabi_dcmplt
                0x00006454       0x54 c:/nxp/mcuxpressoide_10.2.1_795/ide/tools/bin/../lib/gcc/arm-none-eabi/7.2.1/thumb/v7-m\libcr_eabihelpers.a(double.o)
                0x00006454                __aeabi_dcmplt
 .text.__aeabi_dcmpgt
                0x000064a8       0x54 c:/nxp/mcuxpressoide_10.2.1_795/ide/tools/bin/../lib/gcc/arm-none-eabi/7.2.1/thumb/v7-m\libcr_eabihelpers.a(double.o)
                0x000064a8                __aeabi_dcmpgt
 .text.__aeabi_dcmple
                0x000064fc       0x54 c:/nxp/mcuxpressoide_10.2.1_795/ide/tools/bin/../lib/gcc/arm-none-eabi/7.2.1/thumb/v7-m\libcr_eabihelpers.a(double.o)
                0x000064fc                __aeabi_dcmple
 .text.__aeabi_dcmpge
                0x00006550       0x54 c:/nxp/mcuxpressoide_10.2.1_795/ide/tools/bin/../lib/gcc/arm-none-eabi/7.2.1/thumb/v7-m\libcr_eabihelpers.a(double.o)
                0x00006550                __aeabi_dcmpge
 .text.__aeabi_fmul
                0x000065a4       0xb0 c:/nxp/mcuxpressoide_10.2.1_795/ide/tools/bin/../lib/gcc/arm-none-eabi/7.2.1/thumb/v7-m\libcr_eabihelpers.a(float.o)
                0x000065a4                __aeabi_fmul
 .text.__aeabi_fdiv
                0x00006654       0xb8 c:/nxp/mcuxpressoide_10.2.1_795/ide/tools/bin/../lib/gcc/arm-none-eabi/7.2.1/thumb/v7-m\libcr_eabihelpers.a(float.o)
                0x00006654                __aeabi_fdiv
 .text.__aeabi_fsub
                0x0000670c       0xe0 c:/nxp/mcuxpressoide_10.2.1_795/ide/tools/bin/../lib/gcc/arm-none-eabi/7.2.1/thumb/v7-m\libcr_eabihelpers.a(float.o)
                0x0000670c                __aeabi_fsub
 .text.__aeabi_fadd
                0x000067ec       0xb0 c:/nxp/mcuxpressoide_10.2.1_795/ide/tools/bin/../lib/gcc/arm-none-eabi/7.2.1/thumb/v7-m\libcr_eabihelpers.a(float.o)
                0x000067ec                __aeabi_fadd
 .text.__aeabi_f2iz
                0x0000689c       0x36 c:/nxp/mcuxpressoide_10.2.1_795/ide/tools/bin/../lib/gcc/arm-none-eabi/7.2.1/thumb/v7-m\libcr_eabihelpers.a(float.o)
                0x0000689c                __aeabi_f2iz
 .text.__bhs_ui2f
                0x000068d2       0x26 c:/nxp/mcuxpressoide_10.2.1_795/ide/tools/bin/../lib/gcc/arm-none-eabi/7.2.1/thumb/v7-m\libcr_eabihelpers.a(float.o)
                0x000068d2                __bhs_ui2f
 .text.__aeabi_i2f
                0x000068f8       0x12 c:/nxp/mcuxpressoide_10.2.1_795/ide/tools/bin/../lib/gcc/arm-none-eabi/7.2.1/thumb/v7-m\libcr_eabihelpers.a(float.o)
                0x000068f8                __aeabi_i2f
 *fill*         0x0000690a        0x2 ff
 .text.__aeabi_f2d
                0x0000690c       0x38 c:/nxp/mcuxpressoide_10.2.1_795/ide/tools/bin/../lib/gcc/arm-none-eabi/7.2.1/thumb/v7-m\libcr_eabihelpers.a(float.o)
                0x0000690c                __aeabi_f2d
 .text.__aeabi_fcmplt
                0x00006944       0x3a c:/nxp/mcuxpressoide_10.2.1_795/ide/tools/bin/../lib/gcc/arm-none-eabi/7.2.1/thumb/v7-m\libcr_eabihelpers.a(float.o)
                0x00006944                __aeabi_fcmplt
 .text.__aeabi_fcmpgt
                0x0000697e       0x3a c:/nxp/mcuxpressoide_10.2.1_795/ide/tools/bin/../lib/gcc/arm-none-eabi/7.2.1/thumb/v7-m\libcr_eabihelpers.a(float.o)
                0x0000697e                __aeabi_fcmpgt
 .text.__aeabi_memset_lowlevel
                0x000069b8       0x32 c:/nxp/mcuxpressoide_10.2.1_795/ide/tools/bin/../lib/gcc/arm-none-eabi/7.2.1/thumb/v7-m\libcr_eabihelpers.a(memcpy.o)
                0x000069b8                __aeabi_lowlevel_memset
 *fill*         0x000069ea        0x2 ff
 .text.__sys_appexit
                0x000069ec        0xc c:/nxp/mcuxpressoide_10.2.1_795/ide/tools/bin/../lib/gcc/arm-none-eabi/7.2.1/../../../../arm-none-eabi/lib/thumb/v7-m\libcr_semihost.a(__sys_appexit.o)
                0x000069ec                __sys_appexit
                0x000069ec                __exit
 .text.__sys_close
                0x000069f8        0xc c:/nxp/mcuxpressoide_10.2.1_795/ide/tools/bin/../lib/gcc/arm-none-eabi/7.2.1/../../../../arm-none-eabi/lib/thumb/v7-m\libcr_semihost.a(__sys_close.o)
                0x000069f8                __sys_close
 .text.__sys_flen
                0x00006a04        0xc c:/nxp/mcuxpressoide_10.2.1_795/ide/tools/bin/../lib/gcc/arm-none-eabi/7.2.1/../../../../arm-none-eabi/lib/thumb/v7-m\libcr_semihost.a(__sys_flen.o)
                0x00006a04                __sys_flen
 .text.__sys_istty
                0x00006a10        0xc c:/nxp/mcuxpressoide_10.2.1_795/ide/tools/bin/../lib/gcc/arm-none-eabi/7.2.1/../../../../arm-none-eabi/lib/thumb/v7-m\libcr_semihost.a(__sys_istty.o)
                0x00006a10                __sys_istty
 .text.__sys_remove
                0x00006a1c        0xc c:/nxp/mcuxpressoide_10.2.1_795/ide/tools/bin/../lib/gcc/arm-none-eabi/7.2.1/../../../../arm-none-eabi/lib/thumb/v7-m\libcr_semihost.a(__sys_remove.o)
                0x00006a1c                __sys_remove
 .text.__sys_seek
                0x00006a28        0xc c:/nxp/mcuxpressoide_10.2.1_795/ide/tools/bin/../lib/gcc/arm-none-eabi/7.2.1/../../../../arm-none-eabi/lib/thumb/v7-m\libcr_semihost.a(__sys_seek.o)
                0x00006a28                __sys_seek
 .text.__sys_tmpnam
                0x00006a34        0xc c:/nxp/mcuxpressoide_10.2.1_795/ide/tools/bin/../lib/gcc/arm-none-eabi/7.2.1/../../../../arm-none-eabi/lib/thumb/v7-m\libcr_semihost.a(__sys_tmpnam.o)
                0x00006a34                __sys_tmpnam
 .text.__sys_write
                0x00006a40        0xc c:/nxp/mcuxpressoide_10.2.1_795/ide/tools/bin/../lib/gcc/arm-none-eabi/7.2.1/../../../../arm-none-eabi/lib/thumb/v7-m\libcr_semihost.a(__sys_write.o)
                0x00006a40                __sys_write
 *(.rodata .rodata.* .constdata .constdata.*)
 .rodata        0x00006a4c      0x144 ./src/3D-Cube_v1.o
 .rodata        0x00006b90       0x14 ./src/lcd_ssp_Operations.o
 .rodata        0x00006ba4       0x28 ./src/main.o
 .rodata.fp_display.str1.1
                0x00006bcc       0x34 c:/nxp/mcuxpressoide_10.2.1_795/ide/tools/bin/../lib/gcc/arm-none-eabi/7.2.1/../../../../arm-none-eabi/lib/thumb/v7-m\libcr_c.a(fpprintf.o)
                                 0x35 (size before relaxing)
 .rodata._initio.str1.1
                0x00006c00        0x4 c:/nxp/mcuxpressoide_10.2.1_795/ide/tools/bin/../lib/gcc/arm-none-eabi/7.2.1/../../../../arm-none-eabi/lib/thumb/v7-m\libcr_c.a(initio.o)
 *fill*         0x00006c04        0x4 ff
 .rodata.a1.3930
                0x00006c08       0x88 c:/nxp/mcuxpressoide_10.2.1_795/ide/tools/bin/../lib/gcc/arm-none-eabi/7.2.1/../../../../arm-none-eabi/lib/thumb/v7-m\libcr_c.a(pow.o)
 .rodata.a2.3931
                0x00006c90       0x40 c:/nxp/mcuxpressoide_10.2.1_795/ide/tools/bin/../lib/gcc/arm-none-eabi/7.2.1/../../../../arm-none-eabi/lib/thumb/v7-m\libcr_c.a(pow.o)
 .rodata.__vfprintf.str1.1
                0x00006cd0       0x31 c:/nxp/mcuxpressoide_10.2.1_795/ide/tools/bin/../lib/gcc/arm-none-eabi/7.2.1/../../../../arm-none-eabi/lib/thumb/v7-m\libcr_c.a(printf.o)
                                 0x38 (size before relaxing)
 *fill*         0x00006d01        0x7 ff
 .rodata.__huge_val
                0x00006d08        0x8 c:/nxp/mcuxpressoide_10.2.1_795/ide/tools/bin/../lib/gcc/arm-none-eabi/7.2.1/../../../../arm-none-eabi/lib/thumb/v7-m\libcr_c.a(_hugeval.o)
                0x00006d08                __huge_val
 .rodata.__huge_vall
                0x00006d10        0x8 c:/nxp/mcuxpressoide_10.2.1_795/ide/tools/bin/../lib/gcc/arm-none-eabi/7.2.1/../../../../arm-none-eabi/lib/thumb/v7-m\libcr_c.a(_hugeval.o)
                0x00006d10                __huge_vall
 .rodata._Csys_alloc.str1.1
                0x00006d18       0x18 c:/nxp/mcuxpressoide_10.2.1_795/ide/tools/bin/../lib/gcc/arm-none-eabi/7.2.1/../../../../arm-none-eabi/lib/thumb/v7-m\libcr_c.a(alloc.o)
 .rodata.__num_Ciob_streams
                0x00006d30        0x4 c:/nxp/mcuxpressoide_10.2.1_795/ide/tools/bin/../lib/gcc/arm-none-eabi/7.2.1/../../../../arm-none-eabi/lib/thumb/v7-m\libcr_semihost.a(__ciob.o)
                0x00006d30                __num_Ciob_streams
                0x00006d34                . = ALIGN (0x4)

.glue_7         0x00006d34        0x0
 .glue_7        0x00006d34        0x0 linker stubs

.glue_7t        0x00006d34        0x0
 .glue_7t       0x00006d34        0x0 linker stubs

.vfp11_veneer   0x00006d34        0x0
 .vfp11_veneer  0x00006d34        0x0 linker stubs

.v4_bx          0x00006d34        0x0
 .v4_bx         0x00006d34        0x0 linker stubs

.iplt           0x00006d34        0x0
 .iplt          0x00006d34        0x0 ./src/3D-Cube_v1.o

.rel.dyn        0x00006d34        0x0
 .rel.iplt      0x00006d34        0x0 ./src/3D-Cube_v1.o

.ARM.extab
 *(.ARM.extab* .gnu.linkonce.armextab.*)
                0x00006d34                __exidx_start = .

.ARM.exidx
 *(.ARM.exidx* .gnu.linkonce.armexidx.*)
                0x00006d34                __exidx_end = .
                0x00006d34                _etext = .

.data_RAM2      0x2007c000        0x0 load address 0x00006d34
 FILL mask 0xff
                [!provide]                PROVIDE (__start_data_RAM2, .)
 *(.ramfunc.$RAM2)
 *(.ramfunc.$RamAHB32)
 *(.data.$RAM2*)
 *(.data.$RamAHB32*)
                0x2007c000                . = ALIGN (0x4)
                [!provide]                PROVIDE (__end_data_RAM2, .)

.uninit_RESERVED
                0x10000000        0x0
 *(.bss.$RESERVED*)
                0x10000000                . = ALIGN (0x4)
                0x10000000                _end_uninit_RESERVED = .

.data           0x10000000        0x8 load address 0x00006d34
 FILL mask 0xff
                0x10000000                _data = .
 *(vtable)
 *(.ramfunc*)
 *(.data*)
 .data._height  0x10000000        0x4 ./src/DrawLine.o
 .data._width   0x10000004        0x4 ./src/DrawLine.o
                0x10000008                . = ALIGN (0x4)
                0x10000008                _edata = .

.igot.plt       0x10000008        0x0 load address 0x00006d3c
 .igot.plt      0x10000008        0x0 ./src/3D-Cube_v1.o

.bss_RAM2       0x2007c000        0x0
                [!provide]                PROVIDE (__start_bss_RAM2, .)
 *(.bss.$RAM2*)
 *(.bss.$RamAHB32*)
                0x2007c000                . = ALIGN ((. != 0x0)?0x4:0x1)
                [!provide]                PROVIDE (__end_bss_RAM2, .)

.bss            0x10000008      0x238
                0x10000008                _bss = .
 *(.bss*)
 .bss.sin_theta
                0x10000008        0x4 ./src/3D-Cube_v1.o
 .bss.cos_theta
                0x1000000c        0x4 ./src/3D-Cube_v1.o
 .bss.sin_phi   0x10000010        0x4 ./src/3D-Cube_v1.o
 .bss.cos_phi   0x10000014        0x4 ./src/3D-Cube_v1.o
 .bss.rho       0x10000018        0x4 ./src/3D-Cube_v1.o
 .bss.src_addr  0x1000001c       0x10 ./src/main.o
                0x1000001c                src_addr
 .bss.dest_addr
                0x1000002c       0x10 ./src/main.o
                0x1000002c                dest_addr
 .bss.interrupt0RxStat
                0x1000003c        0x4 ./src/ssp.o
                0x1000003c                interrupt0RxStat
 .bss.interrupt0OverRunStat
                0x10000040        0x4 ./src/ssp.o
                0x10000040                interrupt0OverRunStat
 .bss.interrupt0RxTimeoutStat
                0x10000044        0x4 ./src/ssp.o
                0x10000044                interrupt0RxTimeoutStat
 .bss.interrupt1RxStat
                0x10000048        0x4 ./src/ssp.o
                0x10000048                interrupt1RxStat
 .bss.interrupt1OverRunStat
                0x1000004c        0x4 ./src/ssp.o
                0x1000004c                interrupt1OverRunStat
 .bss.interrupt1RxTimeoutStat
                0x10000050        0x4 ./src/ssp.o
                0x10000050                interrupt1RxTimeoutStat
 .bss.errno     0x10000054        0x4 c:/nxp/mcuxpressoide_10.2.1_795/ide/tools/bin/../lib/gcc/arm-none-eabi/7.2.1/../../../../arm-none-eabi/lib/thumb/v7-m\libcr_c.a(errno.o)
                0x10000054                errno
 .bss.__end_of_heap
                0x10000058        0x4 c:/nxp/mcuxpressoide_10.2.1_795/ide/tools/bin/../lib/gcc/arm-none-eabi/7.2.1/../../../../arm-none-eabi/lib/thumb/v7-m\libcr_c.a(__init_alloc.o)
                0x10000058                __end_of_heap
 .bss.__heaps   0x1000005c        0x4 c:/nxp/mcuxpressoide_10.2.1_795/ide/tools/bin/../lib/gcc/arm-none-eabi/7.2.1/../../../../arm-none-eabi/lib/thumb/v7-m\libcr_c.a(__init_alloc.o)
                0x1000005c                __heaps
 .bss.__Ciob    0x10000060      0x1e0 c:/nxp/mcuxpressoide_10.2.1_795/ide/tools/bin/../lib/gcc/arm-none-eabi/7.2.1/../../../../arm-none-eabi/lib/thumb/v7-m\libcr_semihost.a(__ciob.o)
                0x10000060                __Ciob
 *(COMMON)
                0x10000240                . = ALIGN (0x4)
                0x10000240                _ebss = .
                [!provide]                PROVIDE (end, .)

.noinit_RAM2    0x2007c000        0x0
 *(.noinit.$RAM2*)
 *(.noinit.$RamAHB32*)
                0x2007c000                . = ALIGN (0x4)

.noinit         0x10000240        0x0
                0x10000240                _noinit = .
 *(.noinit*)
                0x10000240                . = ALIGN (0x4)
                0x10000240                _end_noinit = .
                0x10000240                PROVIDE (_pvHeapStart, DEFINED (__user_heap_base)?__user_heap_base:.)
                0x10008000                PROVIDE (_vStackTop, DEFINED (__user_stack_top)?__user_stack_top:(__top_RamLoc32 - 0x0))
                0xefff74de                PROVIDE (__valid_user_code_checksum, (0x0 - ((((((_vStackTop + (ResetISR + 0x1)) + (NMI_Handler + 0x1)) + (HardFault_Handler + 0x1)) + (DEFINED (MemManage_Handler)?MemManage_Handler:0x0 + 0x1)) + (DEFINED (BusFault_Handler)?BusFault_Handler:0x0 + 0x1)) + (DEFINED (UsageFault_Handler)?UsageFault_Handler:0x0 + 0x1))))
                0x00000000                _image_start = LOADADDR (.text)
                0x00006d3c                _image_end = (LOADADDR (.data) + SIZEOF (.data))
                0x00006d3c                _image_size = (_image_end - _image_start)
OUTPUT(3D-Cube.axf elf32-littlearm)

.debug_info     0x00000000     0x2dbf
 .debug_info    0x00000000      0xc58 ./src/3D-Cube_v1.o
 .debug_info    0x00000c58      0x2fd ./src/DrawLine.o
 .debug_info    0x00000f55      0x255 ./src/cr_startup_lpc175x_6x.o
 .debug_info    0x000011aa      0x71b ./src/lcd_ssp_Operations.o
 .debug_info    0x000018c5      0x53d ./src/main.o
 .debug_info    0x00001e02      0xc70 ./src/ssp.o
 .debug_info    0x00002a72      0x34d C:\Users\SaumPC\Documents\MCUXpressoIDE_10.2.1_795\workspace\CMSIS_CORE_LPC17xx\Debug\libCMSIS_CORE_LPC17xx.a(system_LPC17xx.o)

.debug_abbrev   0x00000000      0xa78
 .debug_abbrev  0x00000000      0x20d ./src/3D-Cube_v1.o
 .debug_abbrev  0x0000020d      0x11d ./src/DrawLine.o
 .debug_abbrev  0x0000032a      0x114 ./src/cr_startup_lpc175x_6x.o
 .debug_abbrev  0x0000043e      0x186 ./src/lcd_ssp_Operations.o
 .debug_abbrev  0x000005c4      0x11f ./src/main.o
 .debug_abbrev  0x000006e3      0x28d ./src/ssp.o
 .debug_abbrev  0x00000970      0x108 C:\Users\SaumPC\Documents\MCUXpressoIDE_10.2.1_795\workspace\CMSIS_CORE_LPC17xx\Debug\libCMSIS_CORE_LPC17xx.a(system_LPC17xx.o)

.debug_aranges  0x00000000      0x240
 .debug_aranges
                0x00000000       0x90 ./src/3D-Cube_v1.o
 .debug_aranges
                0x00000090       0x28 ./src/DrawLine.o
 .debug_aranges
                0x000000b8       0x80 ./src/cr_startup_lpc175x_6x.o
 .debug_aranges
                0x00000138       0x60 ./src/lcd_ssp_Operations.o
 .debug_aranges
                0x00000198       0x20 ./src/main.o
 .debug_aranges
                0x000001b8       0x60 ./src/ssp.o
 .debug_aranges
                0x00000218       0x28 C:\Users\SaumPC\Documents\MCUXpressoIDE_10.2.1_795\workspace\CMSIS_CORE_LPC17xx\Debug\libCMSIS_CORE_LPC17xx.a(system_LPC17xx.o)

.debug_ranges   0x00000000      0x1d0
 .debug_ranges  0x00000000       0x80 ./src/3D-Cube_v1.o
 .debug_ranges  0x00000080       0x18 ./src/DrawLine.o
 .debug_ranges  0x00000098       0x70 ./src/cr_startup_lpc175x_6x.o
 .debug_ranges  0x00000108       0x50 ./src/lcd_ssp_Operations.o
 .debug_ranges  0x00000158       0x10 ./src/main.o
 .debug_ranges  0x00000168       0x50 ./src/ssp.o
 .debug_ranges  0x000001b8       0x18 C:\Users\SaumPC\Documents\MCUXpressoIDE_10.2.1_795\workspace\CMSIS_CORE_LPC17xx\Debug\libCMSIS_CORE_LPC17xx.a(system_LPC17xx.o)

.debug_macro    0x00000000     0x33a6
 .debug_macro   0x00000000       0xe6 ./src/3D-Cube_v1.o
 .debug_macro   0x000000e6      0xa6c ./src/3D-Cube_v1.o
 .debug_macro   0x00000b52       0x1c ./src/3D-Cube_v1.o
 .debug_macro   0x00000b6e       0x3a ./src/3D-Cube_v1.o
 .debug_macro   0x00000ba8       0x10 ./src/3D-Cube_v1.o
 .debug_macro   0x00000bb8      0x12d ./src/3D-Cube_v1.o
 .debug_macro   0x00000ce5      0x5b2 ./src/3D-Cube_v1.o
 .debug_macro   0x00001297       0x2d ./src/3D-Cube_v1.o
 .debug_macro   0x000012c4      0xbb1 ./src/3D-Cube_v1.o
 .debug_macro   0x00001e75      0x2c7 ./src/3D-Cube_v1.o
 .debug_macro   0x0000213c       0x22 ./src/3D-Cube_v1.o
 .debug_macro   0x0000215e       0xc4 ./src/3D-Cube_v1.o
 .debug_macro   0x00002222       0x9a ./src/3D-Cube_v1.o
 .debug_macro   0x000022bc      0x118 ./src/3D-Cube_v1.o
 .debug_macro   0x000023d4       0xa6 ./src/3D-Cube_v1.o
 .debug_macro   0x0000247a       0x1c ./src/3D-Cube_v1.o
 .debug_macro   0x00002496       0xdf ./src/DrawLine.o
 .debug_macro   0x00002575       0x28 ./src/DrawLine.o
 .debug_macro   0x0000259d       0x1d ./src/cr_startup_lpc175x_6x.o
 .debug_macro   0x000025ba       0xcd ./src/lcd_ssp_Operations.o
 .debug_macro   0x00002687       0xf5 ./src/main.o
 .debug_macro   0x0000277c       0x10 ./src/main.o
 .debug_macro   0x0000278c       0x81 ./src/ssp.o
 .debug_macro   0x0000280d      0x12d C:\Users\SaumPC\Documents\MCUXpressoIDE_10.2.1_795\workspace\CMSIS_CORE_LPC17xx\Debug\libCMSIS_CORE_LPC17xx.a(system_LPC17xx.o)
 .debug_macro   0x0000293a      0xa6c C:\Users\SaumPC\Documents\MCUXpressoIDE_10.2.1_795\workspace\CMSIS_CORE_LPC17xx\Debug\libCMSIS_CORE_LPC17xx.a(system_LPC17xx.o)

.debug_line     0x00000000     0x1536
 .debug_line    0x00000000      0x680 ./src/3D-Cube_v1.o
 .debug_line    0x00000680      0x28f ./src/DrawLine.o
 .debug_line    0x0000090f       0xd3 ./src/cr_startup_lpc175x_6x.o
 .debug_line    0x000009e2      0x32e ./src/lcd_ssp_Operations.o
 .debug_line    0x00000d10      0x29a ./src/main.o
 .debug_line    0x00000faa      0x35c ./src/ssp.o
 .debug_line    0x00001306      0x230 C:\Users\SaumPC\Documents\MCUXpressoIDE_10.2.1_795\workspace\CMSIS_CORE_LPC17xx\Debug\libCMSIS_CORE_LPC17xx.a(system_LPC17xx.o)

.debug_str      0x00000000     0xbbbf
 .debug_str     0x00000000     0xad4f ./src/3D-Cube_v1.o
                               0xae24 (size before relaxing)
 .debug_str     0x0000ad4f       0x40 ./src/DrawLine.o
                               0xab2c (size before relaxing)
 .debug_str     0x0000ad8f      0x1d6 ./src/cr_startup_lpc175x_6x.o
                               0x2ee6 (size before relaxing)
 .debug_str     0x0000af65      0x1ee ./src/lcd_ssp_Operations.o
                               0xacda (size before relaxing)
 .debug_str     0x0000b153       0xb3 ./src/main.o
                               0xacb1 (size before relaxing)
 .debug_str     0x0000b206      0x5b3 ./src/ssp.o
                               0xa778 (size before relaxing)
 .debug_str     0x0000b7b9      0x406 C:\Users\SaumPC\Documents\MCUXpressoIDE_10.2.1_795\workspace\CMSIS_CORE_LPC17xx\Debug\libCMSIS_CORE_LPC17xx.a(system_LPC17xx.o)
                               0xa16c (size before relaxing)

.comment        0x00000000       0x7e
 .comment       0x00000000       0x7e ./src/3D-Cube_v1.o
                                 0x7f (size before relaxing)
 .comment       0x0000007e       0x7f ./src/DrawLine.o
 .comment       0x0000007e       0x7f ./src/cr_startup_lpc175x_6x.o
 .comment       0x0000007e       0x7f ./src/lcd_ssp_Operations.o
 .comment       0x0000007e       0x7f ./src/main.o
 .comment       0x0000007e       0x7f ./src/ssp.o
 .comment       0x0000007e       0x7f C:\Users\SaumPC\Documents\MCUXpressoIDE_10.2.1_795\workspace\CMSIS_CORE_LPC17xx\Debug\libCMSIS_CORE_LPC17xx.a(system_LPC17xx.o)
 .comment       0x0000007e       0x7f c:/nxp/mcuxpressoide_10.2.1_795/ide/tools/bin/../lib/gcc/arm-none-eabi/7.2.1/../../../../arm-none-eabi/lib/thumb/v7-m\libcr_semihost.a(_cr__main.o)
 .comment       0x0000007e       0x7f c:/nxp/mcuxpressoide_10.2.1_795/ide/tools/bin/../lib/gcc/arm-none-eabi/7.2.1/../../../../arm-none-eabi/lib/thumb/v7-m\libcr_c.a(cos.o)
 .comment       0x0000007e       0x7f c:/nxp/mcuxpressoide_10.2.1_795/ide/tools/bin/../lib/gcc/arm-none-eabi/7.2.1/../../../../arm-none-eabi/lib/thumb/v7-m\libcr_c.a(fpprintf.o)
 .comment       0x0000007e       0x7f c:/nxp/mcuxpressoide_10.2.1_795/ide/tools/bin/../lib/gcc/arm-none-eabi/7.2.1/../../../../arm-none-eabi/lib/thumb/v7-m\libcr_c.a(initio.o)
 .comment       0x0000007e       0x7f c:/nxp/mcuxpressoide_10.2.1_795/ide/tools/bin/../lib/gcc/arm-none-eabi/7.2.1/../../../../arm-none-eabi/lib/thumb/v7-m\libcr_c.a(pow.o)
 .comment       0x0000007e       0x7f c:/nxp/mcuxpressoide_10.2.1_795/ide/tools/bin/../lib/gcc/arm-none-eabi/7.2.1/../../../../arm-none-eabi/lib/thumb/v7-m\libcr_c.a(printf.o)
 .comment       0x0000007e       0x7f c:/nxp/mcuxpressoide_10.2.1_795/ide/tools/bin/../lib/gcc/arm-none-eabi/7.2.1/../../../../arm-none-eabi/lib/thumb/v7-m\libcr_c.a(setvbuf.o)
 .comment       0x0000007e       0x7f c:/nxp/mcuxpressoide_10.2.1_795/ide/tools/bin/../lib/gcc/arm-none-eabi/7.2.1/../../../../arm-none-eabi/lib/thumb/v7-m\libcr_c.a(sin.o)
 .comment       0x0000007e       0x7f c:/nxp/mcuxpressoide_10.2.1_795/ide/tools/bin/../lib/gcc/arm-none-eabi/7.2.1/../../../../arm-none-eabi/lib/thumb/v7-m\libcr_c.a(sqrt.o)
 .comment       0x0000007e       0x7f c:/nxp/mcuxpressoide_10.2.1_795/ide/tools/bin/../lib/gcc/arm-none-eabi/7.2.1/../../../../arm-none-eabi/lib/thumb/v7-m\libcr_c.a(stdlib.o)
 .comment       0x0000007e       0x7f c:/nxp/mcuxpressoide_10.2.1_795/ide/tools/bin/../lib/gcc/arm-none-eabi/7.2.1/../../../../arm-none-eabi/lib/thumb/v7-m\libcr_c.a(strlen.o)
 .comment       0x0000007e       0x7f c:/nxp/mcuxpressoide_10.2.1_795/ide/tools/bin/../lib/gcc/arm-none-eabi/7.2.1/../../../../arm-none-eabi/lib/thumb/v7-m\libcr_c.a(memset.o)
 .comment       0x0000007e       0x7f c:/nxp/mcuxpressoide_10.2.1_795/ide/tools/bin/../lib/gcc/arm-none-eabi/7.2.1/../../../../arm-none-eabi/lib/thumb/v7-m\libcr_c.a(_deferredlazyseek.o)
 .comment       0x0000007e       0x7f c:/nxp/mcuxpressoide_10.2.1_795/ide/tools/bin/../lib/gcc/arm-none-eabi/7.2.1/../../../../arm-none-eabi/lib/thumb/v7-m\libcr_c.a(_fdopen.o)
 .comment       0x0000007e       0x7f c:/nxp/mcuxpressoide_10.2.1_795/ide/tools/bin/../lib/gcc/arm-none-eabi/7.2.1/../../../../arm-none-eabi/lib/thumb/v7-m\libcr_c.a(_fflush.o)
 .comment       0x0000007e       0x7f c:/nxp/mcuxpressoide_10.2.1_795/ide/tools/bin/../lib/gcc/arm-none-eabi/7.2.1/../../../../arm-none-eabi/lib/thumb/v7-m\libcr_c.a(_frexpl.o)
 .comment       0x0000007e       0x7f c:/nxp/mcuxpressoide_10.2.1_795/ide/tools/bin/../lib/gcc/arm-none-eabi/7.2.1/../../../../arm-none-eabi/lib/thumb/v7-m\libcr_c.a(_hugeval.o)
 .comment       0x0000007e       0x7f c:/nxp/mcuxpressoide_10.2.1_795/ide/tools/bin/../lib/gcc/arm-none-eabi/7.2.1/../../../../arm-none-eabi/lib/thumb/v7-m\libcr_c.a(_ldexpl.o)
 .comment       0x0000007e       0x7f c:/nxp/mcuxpressoide_10.2.1_795/ide/tools/bin/../lib/gcc/arm-none-eabi/7.2.1/../../../../arm-none-eabi/lib/thumb/v7-m\libcr_c.a(_sincos.o)
 .comment       0x0000007e       0x7f c:/nxp/mcuxpressoide_10.2.1_795/ide/tools/bin/../lib/gcc/arm-none-eabi/7.2.1/../../../../arm-none-eabi/lib/thumb/v7-m\libcr_c.a(_writebuf.o)
 .comment       0x0000007e       0x7f c:/nxp/mcuxpressoide_10.2.1_795/ide/tools/bin/../lib/gcc/arm-none-eabi/7.2.1/../../../../arm-none-eabi/lib/thumb/v7-m\libcr_c.a(alloc.o)
 .comment       0x0000007e       0x7f c:/nxp/mcuxpressoide_10.2.1_795/ide/tools/bin/../lib/gcc/arm-none-eabi/7.2.1/../../../../arm-none-eabi/lib/thumb/v7-m\libcr_c.a(errno.o)
 .comment       0x0000007e       0x7f c:/nxp/mcuxpressoide_10.2.1_795/ide/tools/bin/../lib/gcc/arm-none-eabi/7.2.1/../../../../arm-none-eabi/lib/thumb/v7-m\libcr_c.a(fabs.o)
 .comment       0x0000007e       0x7f c:/nxp/mcuxpressoide_10.2.1_795/ide/tools/bin/../lib/gcc/arm-none-eabi/7.2.1/../../../../arm-none-eabi/lib/thumb/v7-m\libcr_c.a(fclose.o)
 .comment       0x0000007e       0x7f c:/nxp/mcuxpressoide_10.2.1_795/ide/tools/bin/../lib/gcc/arm-none-eabi/7.2.1/../../../../arm-none-eabi/lib/thumb/v7-m\libcr_c.a(fflush.o)
 .comment       0x0000007e       0x7f c:/nxp/mcuxpressoide_10.2.1_795/ide/tools/bin/../lib/gcc/arm-none-eabi/7.2.1/../../../../arm-none-eabi/lib/thumb/v7-m\libcr_c.a(frexp.o)
 .comment       0x0000007e       0x7f c:/nxp/mcuxpressoide_10.2.1_795/ide/tools/bin/../lib/gcc/arm-none-eabi/7.2.1/../../../../arm-none-eabi/lib/thumb/v7-m\libcr_c.a(fseek.o)
 .comment       0x0000007e       0x7f c:/nxp/mcuxpressoide_10.2.1_795/ide/tools/bin/../lib/gcc/arm-none-eabi/7.2.1/../../../../arm-none-eabi/lib/thumb/v7-m\libcr_c.a(ftell.o)
 .comment       0x0000007e       0x7f c:/nxp/mcuxpressoide_10.2.1_795/ide/tools/bin/../lib/gcc/arm-none-eabi/7.2.1/../../../../arm-none-eabi/lib/thumb/v7-m\libcr_c.a(ldexp.o)
 .comment       0x0000007e       0x7f c:/nxp/mcuxpressoide_10.2.1_795/ide/tools/bin/../lib/gcc/arm-none-eabi/7.2.1/../../../../arm-none-eabi/lib/thumb/v7-m\libcr_c.a(remove.o)
 .comment       0x0000007e       0x7f c:/nxp/mcuxpressoide_10.2.1_795/ide/tools/bin/../lib/gcc/arm-none-eabi/7.2.1/../../../../arm-none-eabi/lib/thumb/v7-m\libcr_c.a(__init_alloc.o)
 .comment       0x0000007e       0x7f c:/nxp/mcuxpressoide_10.2.1_795/ide/tools/bin/../lib/gcc/arm-none-eabi/7.2.1/../../../../arm-none-eabi/lib/thumb/v7-m\libcr_c.a(_cr_sbrk.o)
 .comment       0x0000007e       0x7f c:/nxp/mcuxpressoide_10.2.1_795/ide/tools/bin/../lib/gcc/arm-none-eabi/7.2.1/../../../../arm-none-eabi/lib/thumb/v7-m\libcr_c.a(_do_fflush.o)
 .comment       0x0000007e       0x7f c:/nxp/mcuxpressoide_10.2.1_795/ide/tools/bin/../lib/gcc/arm-none-eabi/7.2.1/../../../../arm-none-eabi/lib/thumb/v7-m\libcr_c.a(_cr_check_heap.o)
 .comment       0x0000007e       0x7f c:/nxp/mcuxpressoide_10.2.1_795/ide/tools/bin/../lib/gcc/arm-none-eabi/7.2.1/thumb/v7-m\libcr_eabihelpers.a(double.o)
 .comment       0x0000007e       0x7f c:/nxp/mcuxpressoide_10.2.1_795/ide/tools/bin/../lib/gcc/arm-none-eabi/7.2.1/thumb/v7-m\libcr_eabihelpers.a(float.o)
 .comment       0x0000007e       0x7f c:/nxp/mcuxpressoide_10.2.1_795/ide/tools/bin/../lib/gcc/arm-none-eabi/7.2.1/../../../../arm-none-eabi/lib/thumb/v7-m\libcr_semihost.a(__ciob.o)

.ARM.attributes
                0x00000000       0x31
 .ARM.attributes
                0x00000000       0x33 ./src/3D-Cube_v1.o
 .ARM.attributes
                0x00000033       0x33 ./src/DrawLine.o
 .ARM.attributes
                0x00000066       0x33 ./src/cr_startup_lpc175x_6x.o
 .ARM.attributes
                0x00000099       0x33 ./src/lcd_ssp_Operations.o
 .ARM.attributes
                0x000000cc       0x33 ./src/main.o
 .ARM.attributes
                0x000000ff       0x33 ./src/ssp.o
 .ARM.attributes
                0x00000132       0x33 C:\Users\SaumPC\Documents\MCUXpressoIDE_10.2.1_795\workspace\CMSIS_CORE_LPC17xx\Debug\libCMSIS_CORE_LPC17xx.a(system_LPC17xx.o)
 .ARM.attributes
                0x00000165       0x33 c:/nxp/mcuxpressoide_10.2.1_795/ide/tools/bin/../lib/gcc/arm-none-eabi/7.2.1/../../../../arm-none-eabi/lib/thumb/v7-m\libcr_semihost.a(_cr__main.o)
 .ARM.attributes
                0x00000198       0x33 c:/nxp/mcuxpressoide_10.2.1_795/ide/tools/bin/../lib/gcc/arm-none-eabi/7.2.1/../../../../arm-none-eabi/lib/thumb/v7-m\libcr_c.a(cos.o)
 .ARM.attributes
                0x000001cb       0x33 c:/nxp/mcuxpressoide_10.2.1_795/ide/tools/bin/../lib/gcc/arm-none-eabi/7.2.1/../../../../arm-none-eabi/lib/thumb/v7-m\libcr_c.a(fpprintf.o)
 .ARM.attributes
                0x000001fe       0x33 c:/nxp/mcuxpressoide_10.2.1_795/ide/tools/bin/../lib/gcc/arm-none-eabi/7.2.1/../../../../arm-none-eabi/lib/thumb/v7-m\libcr_c.a(initio.o)
 .ARM.attributes
                0x00000231       0x33 c:/nxp/mcuxpressoide_10.2.1_795/ide/tools/bin/../lib/gcc/arm-none-eabi/7.2.1/../../../../arm-none-eabi/lib/thumb/v7-m\libcr_c.a(pow.o)
 .ARM.attributes
                0x00000264       0x33 c:/nxp/mcuxpressoide_10.2.1_795/ide/tools/bin/../lib/gcc/arm-none-eabi/7.2.1/../../../../arm-none-eabi/lib/thumb/v7-m\libcr_c.a(printf.o)
 .ARM.attributes
                0x00000297       0x33 c:/nxp/mcuxpressoide_10.2.1_795/ide/tools/bin/../lib/gcc/arm-none-eabi/7.2.1/../../../../arm-none-eabi/lib/thumb/v7-m\libcr_c.a(setvbuf.o)
 .ARM.attributes
                0x000002ca       0x33 c:/nxp/mcuxpressoide_10.2.1_795/ide/tools/bin/../lib/gcc/arm-none-eabi/7.2.1/../../../../arm-none-eabi/lib/thumb/v7-m\libcr_c.a(sin.o)
 .ARM.attributes
                0x000002fd       0x33 c:/nxp/mcuxpressoide_10.2.1_795/ide/tools/bin/../lib/gcc/arm-none-eabi/7.2.1/../../../../arm-none-eabi/lib/thumb/v7-m\libcr_c.a(sqrt.o)
 .ARM.attributes
                0x00000330       0x33 c:/nxp/mcuxpressoide_10.2.1_795/ide/tools/bin/../lib/gcc/arm-none-eabi/7.2.1/../../../../arm-none-eabi/lib/thumb/v7-m\libcr_c.a(stdlib.o)
 .ARM.attributes
                0x00000363       0x33 c:/nxp/mcuxpressoide_10.2.1_795/ide/tools/bin/../lib/gcc/arm-none-eabi/7.2.1/../../../../arm-none-eabi/lib/thumb/v7-m\libcr_c.a(strlen.o)
 .ARM.attributes
                0x00000396       0x33 c:/nxp/mcuxpressoide_10.2.1_795/ide/tools/bin/../lib/gcc/arm-none-eabi/7.2.1/../../../../arm-none-eabi/lib/thumb/v7-m\libcr_c.a(memset.o)
 .ARM.attributes
                0x000003c9       0x33 c:/nxp/mcuxpressoide_10.2.1_795/ide/tools/bin/../lib/gcc/arm-none-eabi/7.2.1/../../../../arm-none-eabi/lib/thumb/v7-m\libcr_c.a(_deferredlazyseek.o)
 .ARM.attributes
                0x000003fc       0x33 c:/nxp/mcuxpressoide_10.2.1_795/ide/tools/bin/../lib/gcc/arm-none-eabi/7.2.1/../../../../arm-none-eabi/lib/thumb/v7-m\libcr_c.a(_fdopen.o)
 .ARM.attributes
                0x0000042f       0x33 c:/nxp/mcuxpressoide_10.2.1_795/ide/tools/bin/../lib/gcc/arm-none-eabi/7.2.1/../../../../arm-none-eabi/lib/thumb/v7-m\libcr_c.a(_fflush.o)
 .ARM.attributes
                0x00000462       0x33 c:/nxp/mcuxpressoide_10.2.1_795/ide/tools/bin/../lib/gcc/arm-none-eabi/7.2.1/../../../../arm-none-eabi/lib/thumb/v7-m\libcr_c.a(_frexpl.o)
 .ARM.attributes
                0x00000495       0x33 c:/nxp/mcuxpressoide_10.2.1_795/ide/tools/bin/../lib/gcc/arm-none-eabi/7.2.1/../../../../arm-none-eabi/lib/thumb/v7-m\libcr_c.a(_hugeval.o)
 .ARM.attributes
                0x000004c8       0x33 c:/nxp/mcuxpressoide_10.2.1_795/ide/tools/bin/../lib/gcc/arm-none-eabi/7.2.1/../../../../arm-none-eabi/lib/thumb/v7-m\libcr_c.a(_ldexpl.o)
 .ARM.attributes
                0x000004fb       0x33 c:/nxp/mcuxpressoide_10.2.1_795/ide/tools/bin/../lib/gcc/arm-none-eabi/7.2.1/../../../../arm-none-eabi/lib/thumb/v7-m\libcr_c.a(_sincos.o)
 .ARM.attributes
                0x0000052e       0x33 c:/nxp/mcuxpressoide_10.2.1_795/ide/tools/bin/../lib/gcc/arm-none-eabi/7.2.1/../../../../arm-none-eabi/lib/thumb/v7-m\libcr_c.a(_writebuf.o)
 .ARM.attributes
                0x00000561       0x33 c:/nxp/mcuxpressoide_10.2.1_795/ide/tools/bin/../lib/gcc/arm-none-eabi/7.2.1/../../../../arm-none-eabi/lib/thumb/v7-m\libcr_c.a(alloc.o)
 .ARM.attributes
                0x00000594       0x33 c:/nxp/mcuxpressoide_10.2.1_795/ide/tools/bin/../lib/gcc/arm-none-eabi/7.2.1/../../../../arm-none-eabi/lib/thumb/v7-m\libcr_c.a(errno.o)
 .ARM.attributes
                0x000005c7       0x33 c:/nxp/mcuxpressoide_10.2.1_795/ide/tools/bin/../lib/gcc/arm-none-eabi/7.2.1/../../../../arm-none-eabi/lib/thumb/v7-m\libcr_c.a(fabs.o)
 .ARM.attributes
                0x000005fa       0x33 c:/nxp/mcuxpressoide_10.2.1_795/ide/tools/bin/../lib/gcc/arm-none-eabi/7.2.1/../../../../arm-none-eabi/lib/thumb/v7-m\libcr_c.a(fclose.o)
 .ARM.attributes
                0x0000062d       0x33 c:/nxp/mcuxpressoide_10.2.1_795/ide/tools/bin/../lib/gcc/arm-none-eabi/7.2.1/../../../../arm-none-eabi/lib/thumb/v7-m\libcr_c.a(fflush.o)
 .ARM.attributes
                0x00000660       0x33 c:/nxp/mcuxpressoide_10.2.1_795/ide/tools/bin/../lib/gcc/arm-none-eabi/7.2.1/../../../../arm-none-eabi/lib/thumb/v7-m\libcr_c.a(frexp.o)
 .ARM.attributes
                0x00000693       0x33 c:/nxp/mcuxpressoide_10.2.1_795/ide/tools/bin/../lib/gcc/arm-none-eabi/7.2.1/../../../../arm-none-eabi/lib/thumb/v7-m\libcr_c.a(fseek.o)
 .ARM.attributes
                0x000006c6       0x33 c:/nxp/mcuxpressoide_10.2.1_795/ide/tools/bin/../lib/gcc/arm-none-eabi/7.2.1/../../../../arm-none-eabi/lib/thumb/v7-m\libcr_c.a(ftell.o)
 .ARM.attributes
                0x000006f9       0x33 c:/nxp/mcuxpressoide_10.2.1_795/ide/tools/bin/../lib/gcc/arm-none-eabi/7.2.1/../../../../arm-none-eabi/lib/thumb/v7-m\libcr_c.a(ldexp.o)
 .ARM.attributes
                0x0000072c       0x33 c:/nxp/mcuxpressoide_10.2.1_795/ide/tools/bin/../lib/gcc/arm-none-eabi/7.2.1/../../../../arm-none-eabi/lib/thumb/v7-m\libcr_c.a(remove.o)
 .ARM.attributes
                0x0000075f       0x33 c:/nxp/mcuxpressoide_10.2.1_795/ide/tools/bin/../lib/gcc/arm-none-eabi/7.2.1/../../../../arm-none-eabi/lib/thumb/v7-m\libcr_c.a(__init_alloc.o)
 .ARM.attributes
                0x00000792       0x33 c:/nxp/mcuxpressoide_10.2.1_795/ide/tools/bin/../lib/gcc/arm-none-eabi/7.2.1/../../../../arm-none-eabi/lib/thumb/v7-m\libcr_c.a(_cr_sbrk.o)
 .ARM.attributes
                0x000007c5       0x33 c:/nxp/mcuxpressoide_10.2.1_795/ide/tools/bin/../lib/gcc/arm-none-eabi/7.2.1/../../../../arm-none-eabi/lib/thumb/v7-m\libcr_c.a(_do_fflush.o)
 .ARM.attributes
                0x000007f8       0x33 c:/nxp/mcuxpressoide_10.2.1_795/ide/tools/bin/../lib/gcc/arm-none-eabi/7.2.1/../../../../arm-none-eabi/lib/thumb/v7-m\libcr_c.a(_cr_check_heap.o)
 .ARM.attributes
                0x0000082b       0x33 c:/nxp/mcuxpressoide_10.2.1_795/ide/tools/bin/../lib/gcc/arm-none-eabi/7.2.1/thumb/v7-m\libcr_eabihelpers.a(double.o)
 .ARM.attributes
                0x0000085e       0x33 c:/nxp/mcuxpressoide_10.2.1_795/ide/tools/bin/../lib/gcc/arm-none-eabi/7.2.1/thumb/v7-m\libcr_eabihelpers.a(float.o)
 .ARM.attributes
                0x00000891       0x21 c:/nxp/mcuxpressoide_10.2.1_795/ide/tools/bin/../lib/gcc/arm-none-eabi/7.2.1/thumb/v7-m\libcr_eabihelpers.a(memcpy.o)
 .ARM.attributes
                0x000008b2       0x33 c:/nxp/mcuxpressoide_10.2.1_795/ide/tools/bin/../lib/gcc/arm-none-eabi/7.2.1/../../../../arm-none-eabi/lib/thumb/v7-m\libcr_semihost.a(__ciob.o)
 .ARM.attributes
                0x000008e5       0x21 c:/nxp/mcuxpressoide_10.2.1_795/ide/tools/bin/../lib/gcc/arm-none-eabi/7.2.1/../../../../arm-none-eabi/lib/thumb/v7-m\libcr_semihost.a(__sys_appexit.o)
 .ARM.attributes
                0x00000906       0x21 c:/nxp/mcuxpressoide_10.2.1_795/ide/tools/bin/../lib/gcc/arm-none-eabi/7.2.1/../../../../arm-none-eabi/lib/thumb/v7-m\libcr_semihost.a(__sys_close.o)
 .ARM.attributes
                0x00000927       0x21 c:/nxp/mcuxpressoide_10.2.1_795/ide/tools/bin/../lib/gcc/arm-none-eabi/7.2.1/../../../../arm-none-eabi/lib/thumb/v7-m\libcr_semihost.a(__sys_flen.o)
 .ARM.attributes
                0x00000948       0x21 c:/nxp/mcuxpressoide_10.2.1_795/ide/tools/bin/../lib/gcc/arm-none-eabi/7.2.1/../../../../arm-none-eabi/lib/thumb/v7-m\libcr_semihost.a(__sys_istty.o)
 .ARM.attributes
                0x00000969       0x21 c:/nxp/mcuxpressoide_10.2.1_795/ide/tools/bin/../lib/gcc/arm-none-eabi/7.2.1/../../../../arm-none-eabi/lib/thumb/v7-m\libcr_semihost.a(__sys_remove.o)
 .ARM.attributes
                0x0000098a       0x21 c:/nxp/mcuxpressoide_10.2.1_795/ide/tools/bin/../lib/gcc/arm-none-eabi/7.2.1/../../../../arm-none-eabi/lib/thumb/v7-m\libcr_semihost.a(__sys_seek.o)
 .ARM.attributes
                0x000009ab       0x21 c:/nxp/mcuxpressoide_10.2.1_795/ide/tools/bin/../lib/gcc/arm-none-eabi/7.2.1/../../../../arm-none-eabi/lib/thumb/v7-m\libcr_semihost.a(__sys_tmpnam.o)
 .ARM.attributes
                0x000009cc       0x21 c:/nxp/mcuxpressoide_10.2.1_795/ide/tools/bin/../lib/gcc/arm-none-eabi/7.2.1/../../../../arm-none-eabi/lib/thumb/v7-m\libcr_semihost.a(__sys_write.o)

.debug_frame    0x00000000      0x7a0
 .debug_frame   0x00000000      0x284 ./src/3D-Cube_v1.o
 .debug_frame   0x00000284       0x5c ./src/DrawLine.o
 .debug_frame   0x000002e0      0x170 ./src/cr_startup_lpc175x_6x.o
 .debug_frame   0x00000450      0x160 ./src/lcd_ssp_Operations.o
 .debug_frame   0x000005b0       0x44 ./src/main.o
 .debug_frame   0x000005f4      0x170 ./src/ssp.o
 .debug_frame   0x00000764       0x3c C:\Users\SaumPC\Documents\MCUXpressoIDE_10.2.1_795\workspace\CMSIS_CORE_LPC17xx\Debug\libCMSIS_CORE_LPC17xx.a(system_LPC17xx.o)
